il 0.1.2
func @main(i1 %c) -> i64 {
entry:
  br L1
L1:
  ret 0
}
