B1011.*EXIT FOR does not match innermost loop \(WHILE\)
