B1010.*cannot assign to loop variable 'I' inside FOR
