Enter first
Enter inner
Leave first
After first
Enter second
After second
