runtime trap: Overflow @ main: entry[#0]: integer overflow in iadd.ovf
