input="0" -> ok value=0 signbit=0 is_nan=0 is_inf=0
input="-0.0" -> ok value=-0 signbit=1 is_nan=0 is_inf=0
input="0.5" -> ok value=0.5 signbit=0 is_nan=0 is_inf=0
input="1.5" -> ok value=1.5 signbit=0 is_nan=0 is_inf=0
input="2.5" -> ok value=2.5 signbit=0 is_nan=0 is_inf=0
input="1e20" -> ok value=1e+20 signbit=0 is_nan=0 is_inf=0
input="1e-20" -> ok value=9.9999999999999995e-21 signbit=0 is_nan=0 is_inf=0
input="NaN" -> trap value=nan signbit=0 is_nan=1 is_inf=0
input="Inf" -> trap value=inf signbit=0 is_nan=0 is_inf=1
input="-Inf" -> trap value=-inf signbit=1 is_nan=0 is_inf=-1
