0 -> 0
-0.0 -> -0
0.5 -> 0.5
1.5 -> 1.5
2.5 -> 2.5
1e20 -> 1e+20
1e-20 -> 9.9999999999999995e-21
NaN -> nan
Inf -> inf
-Inf -> -inf
