error: main:bad: handler params must be named %err and %tok
