error: main:entry: resume.next %tok: resume.* only allowed in handler block
