error: verify.eh.unreleased: main:entry: ret: unmatched eh.push depth 1; path: entry
