[BREAK] src=BreakSrcCoalesce.bas:1 fn=@main blk=entry ip=#0
