[BREAK] src=tests/e2e/BreakSrcExact.bas:2 fn=@main blk=L20 ip=#0
