Trap @main#1 line 1: DomainError (code=0): INPUT: expected numeric value
