Trap @main#2 line 1: DomainError (code=0): INPUT: expected 2 values, got 1
