error: verify.eh.underflow: main:second: eh.pop: [checkNoHandlerCrossing] eh.pop without matching eh.push; path: entry -> first -> second
