error: verify.eh.unreleased: main:leak: ret: unmatched eh.push depth 1; path: entry -> leak
