error: verify.eh.resume_token_missing: resume_same_missing_token:handler: resume.same
