error: verify.eh.resume_token_missing: resume_same_join_without_token:handler: resume.same %t4: resume.* requires active resume token; path: entry -> handler
