error: verify.eh.resume_token_missing: resume_next_without_token:handler: resume.next %t3: [checkUnreachableAfterThrow] resume.* requires active resume token; path: entry -> handler
