error: verify.eh.resume_token_missing: resume_next_join_without_token:handler: resume.next %t4: resume.* requires active resume token; path: entry -> handler
