error: verify.eh.resume_token_missing: resume_same_without_token:handler: resume.same %t3: resume.* requires active resume token; path: entry -> handler
