error: verify.eh.resume_token_missing: resume_next_missing_token:handler: resume.next
