error: verify.eh.resume_token_missing: resume_label_missing_token:handler: resume.label
