INT_POS=2
INT_NEG=-3
FIX_POS=2
FIX_NEG=-2
ROUND_TIE_LOW=2
ROUND_TIE_HIGH=4
CINT_POS=2
CLNG_NEG=-2
CSNG=1.5
CDBL=1.5
VAL_FLOAT=-15
VAL_NONNUM=0
STR_POS=123
STR_NEG=-42
DIV=1.5
IDIV=-2
MOD_NEG=-1
POW=-2
