[BREAK] src=tests/e2e/BreakSrcExact.bas:2 fn=@main blk=entry ip=#1
